{"type":"server-started","port":64392,"host":"127.0.0.1","url_host":"localhost","url":"http://localhost:64392","screen_dir":"/Users/loicrossignol/Desktop/Igensia/Product Owner/tp-product-owner/.superpowers/brainstorm/82516-1776256778/content","state_dir":"/Users/loicrossignol/Desktop/Igensia/Product Owner/tp-product-owner/.superpowers/brainstorm/82516-1776256778/state"}
{"type":"screen-added","file":"/Users/loicrossignol/Desktop/Igensia/Product Owner/tp-product-owner/.superpowers/brainstorm/82516-1776256778/content/design-direction.html"}
{"type":"screen-updated","file":"/Users/loicrossignol/Desktop/Igensia/Product Owner/tp-product-owner/.superpowers/brainstorm/82516-1776256778/content/design-direction.html"}
{"source":"user-event","type":"click","text":"P+\n          Panier+\n          Module 2/8\n        \n        OKR Setting\n        \n          Définissez l'objectif principal du Q3 pour Panier+\n        \n        \n          Augmenter la rétention de 20%\n          Réduire le CAC de 15%\n        \n      \n    \n    \n      A — Enterprise SaaS\n      Cartes sobres, typographie nette, bleu-violet comme accent. Ressemble aux vrais outils PO (Jira, Linear, Notion).","choice":"a","id":null,"timestamp":1776256855635}
{"type":"screen-added","file":"/Users/loicrossignol/Desktop/Igensia/Product Owner/tp-product-owner/.superpowers/brainstorm/82516-1776256778/content/workspace-layout.html"}
{"type":"screen-updated","file":"/Users/loicrossignol/Desktop/Igensia/Product Owner/tp-product-owner/.superpowers/brainstorm/82516-1776256778/content/workspace-layout.html"}
{"source":"user-event","type":"click","text":"P+\n          \n          \n          \n          \n        \n        \n        \n          \n        \n        \n        \n          \n            \n            \n          \n          \n            \n            \n          \n        \n      \n    \n    \n      B — Topbar + plein écran (style Notion / Figma)\n      Barre de navigation horizontale en haut, tout l'espace vertical pour le module. Barre de progression sous la nav.","choice":"b","id":null,"timestamp":1776256980253}
{"type":"screen-added","file":"/Users/loicrossignol/Desktop/Igensia/Product Owner/tp-product-owner/.superpowers/brainstorm/82516-1776256778/content/case-cards.html"}
{"type":"screen-added","file":"/Users/loicrossignol/Desktop/Igensia/Product Owner/tp-product-owner/.superpowers/brainstorm/82516-1776256778/content/module-task.html"}
{"type":"screen-added","file":"/Users/loicrossignol/Desktop/Igensia/Product Owner/tp-product-owner/.superpowers/brainstorm/82516-1776256778/content/waiting-1.html"}
{"type":"screen-added","file":"/Users/loicrossignol/Desktop/Igensia/Product Owner/tp-product-owner/.superpowers/brainstorm/82516-1776256778/content/light-preview.html"}
{"type":"screen-added","file":"/Users/loicrossignol/Desktop/Igensia/Product Owner/tp-product-owner/.superpowers/brainstorm/82516-1776256778/content/style-alts.html"}
{"type":"screen-added","file":"/Users/loicrossignol/Desktop/Igensia/Product Owner/tp-product-owner/.superpowers/brainstorm/82516-1776256778/content/shadcn-preview.html"}
{"type":"screen-updated","file":"/Users/loicrossignol/Desktop/Igensia/Product Owner/tp-product-owner/.superpowers/brainstorm/82516-1776256778/content/design-direction.html"}
{"type":"screen-updated","file":"/Users/loicrossignol/Desktop/Igensia/Product Owner/tp-product-owner/.superpowers/brainstorm/82516-1776256778/content/waiting-1.html"}
{"type":"screen-updated","file":"/Users/loicrossignol/Desktop/Igensia/Product Owner/tp-product-owner/.superpowers/brainstorm/82516-1776256778/content/module-task.html"}
{"type":"screen-updated","file":"/Users/loicrossignol/Desktop/Igensia/Product Owner/tp-product-owner/.superpowers/brainstorm/82516-1776256778/content/workspace-layout.html"}
{"type":"screen-updated","file":"/Users/loicrossignol/Desktop/Igensia/Product Owner/tp-product-owner/.superpowers/brainstorm/82516-1776256778/content/case-cards.html"}
{"type":"screen-updated","file":"/Users/loicrossignol/Desktop/Igensia/Product Owner/tp-product-owner/.superpowers/brainstorm/82516-1776256778/content/light-preview.html"}
{"type":"screen-updated","file":"/Users/loicrossignol/Desktop/Igensia/Product Owner/tp-product-owner/.superpowers/brainstorm/82516-1776256778/content/style-alts.html"}
{"type":"screen-updated","file":"/Users/loicrossignol/Desktop/Igensia/Product Owner/tp-product-owner/.superpowers/brainstorm/82516-1776256778/content/shadcn-preview.html"}
{"type":"screen-updated","file":"/Users/loicrossignol/Desktop/Igensia/Product Owner/tp-product-owner/.superpowers/brainstorm/82516-1776256778/content/design-direction.html"}
{"type":"screen-updated","file":"/Users/loicrossignol/Desktop/Igensia/Product Owner/tp-product-owner/.superpowers/brainstorm/82516-1776256778/content/waiting-1.html"}
{"type":"screen-updated","file":"/Users/loicrossignol/Desktop/Igensia/Product Owner/tp-product-owner/.superpowers/brainstorm/82516-1776256778/content/module-task.html"}
{"type":"screen-updated","file":"/Users/loicrossignol/Desktop/Igensia/Product Owner/tp-product-owner/.superpowers/brainstorm/82516-1776256778/content/workspace-layout.html"}
{"type":"screen-updated","file":"/Users/loicrossignol/Desktop/Igensia/Product Owner/tp-product-owner/.superpowers/brainstorm/82516-1776256778/content/case-cards.html"}
{"type":"screen-updated","file":"/Users/loicrossignol/Desktop/Igensia/Product Owner/tp-product-owner/.superpowers/brainstorm/82516-1776256778/content/light-preview.html"}
{"type":"screen-updated","file":"/Users/loicrossignol/Desktop/Igensia/Product Owner/tp-product-owner/.superpowers/brainstorm/82516-1776256778/content/style-alts.html"}
{"type":"screen-updated","file":"/Users/loicrossignol/Desktop/Igensia/Product Owner/tp-product-owner/.superpowers/brainstorm/82516-1776256778/content/shadcn-preview.html"}
{"type":"screen-updated","file":"/Users/loicrossignol/Desktop/Igensia/Product Owner/tp-product-owner/.superpowers/brainstorm/82516-1776256778/content/style-alts.html"}
{"type":"screen-updated","file":"/Users/loicrossignol/Desktop/Igensia/Product Owner/tp-product-owner/.superpowers/brainstorm/82516-1776256778/content/shadcn-preview.html"}
{"type":"screen-updated","file":"/Users/loicrossignol/Desktop/Igensia/Product Owner/tp-product-owner/.superpowers/brainstorm/82516-1776256778/content/design-direction.html"}
{"type":"screen-updated","file":"/Users/loicrossignol/Desktop/Igensia/Product Owner/tp-product-owner/.superpowers/brainstorm/82516-1776256778/content/waiting-1.html"}
{"type":"screen-updated","file":"/Users/loicrossignol/Desktop/Igensia/Product Owner/tp-product-owner/.superpowers/brainstorm/82516-1776256778/content/workspace-layout.html"}
{"type":"screen-updated","file":"/Users/loicrossignol/Desktop/Igensia/Product Owner/tp-product-owner/.superpowers/brainstorm/82516-1776256778/content/light-preview.html"}
{"type":"screen-updated","file":"/Users/loicrossignol/Desktop/Igensia/Product Owner/tp-product-owner/.superpowers/brainstorm/82516-1776256778/content/case-cards.html"}
{"type":"screen-updated","file":"/Users/loicrossignol/Desktop/Igensia/Product Owner/tp-product-owner/.superpowers/brainstorm/82516-1776256778/content/module-task.html"}
{"type":"server-stopped","reason":"idle timeout"}
